// Jest Snapshot v1, https://goo.gl/fbAQLP

exports[`Storyshots Button Default 1`] = `
<div
  className=" "
>
  <span>
    120
  </span>
</div>
`;
